// Jest Snapshot v1, https://goo.gl/fbAQLP

exports[`should match snapshot: NewTweet/nomal 1`] = `
<MockRouter
  createHref={[Function]}
  location=""
  params={Object {}}
  path=""
  push={[Function]}
  replace={[Function]}
  url=""
>
  <NewTweet
    isOpen={false}
    onClose={null}
  >
    <Blueprint3.Dialog
      canOutsideClickClose={true}
      isCloseButtonShown={true}
      isOpen={false}
      onClose={null}
      style={
        Object {
          "margin": "0 15px",
        }
      }
      title="ツイート"
    >
      <Blueprint3.Overlay
        autoFocus={true}
        backdropProps={Object {}}
        canEscapeKeyClose={true}
        canOutsideClickClose={true}
        className="bp3-overlay-scroll-container"
        enforceFocus={true}
        hasBackdrop={true}
        isCloseButtonShown={true}
        isOpen={false}
        lazy={true}
        onClose={null}
        style={
          Object {
            "margin": "0 15px",
          }
        }
        title="ツイート"
        transitionDuration={300}
        transitionName="bp3-overlay"
        usePortal={true}
      />
    </Blueprint3.Dialog>
  </NewTweet>
</MockRouter>
`;
