// Jest Snapshot v1, https://goo.gl/fbAQLP

exports[`should match snapshot: EventCardList/nomal 1`] = `
.c1 {
  min-height: inherit;
}

.c0 {
  margin: 8px 0;
}

<MockRouter
  createHref={[Function]}
  location=""
  params={Object {}}
  path=""
  push={[Function]}
  replace={[Function]}
  url=""
>
  <EventCardList
    eventUrl=""
    events={
      Array [
        Object {
          "catchMessage": "イベントの説明です",
          "eventUrl": "https://connpass.com/",
          "id": "0",
          "interactive": true,
          "place": "東京都千代田区丸の内",
          "startedAt": "2018/12/1 19:30",
          "title": "タイトル",
        },
        Object {
          "catchMessage": "イベントの説明です",
          "eventUrl": "https://connpass.com/",
          "id": "1",
          "interactive": true,
          "place": "東京都千代田区丸の内",
          "startedAt": "2018/12/1 19:30",
          "title": "タイトル",
        },
        Object {
          "catchMessage": "イベントの説明です",
          "eventUrl": "https://connpass.com/",
          "id": "2",
          "interactive": true,
          "place": "東京都千代田区丸の内",
          "startedAt": "2018/12/1 19:30",
          "title": "タイトル",
        },
        Object {
          "catchMessage": "イベントの説明です",
          "eventUrl": "https://connpass.com/",
          "id": "3",
          "interactive": true,
          "place": "東京都千代田区丸の内",
          "startedAt": "2018/12/1 19:30",
          "title": "タイトル",
        },
        Object {
          "catchMessage": "イベントの説明です",
          "eventUrl": "https://connpass.com/",
          "id": "4",
          "interactive": true,
          "place": "東京都千代田区丸の内",
          "startedAt": "2018/12/1 19:30",
          "title": "タイトル",
        },
      ]
    }
    expand={false}
    history={null}
  >
    <styled.div
      key="0"
    >
      <StyledComponent
        forwardedComponent={
          Object {
            "$$typeof": Symbol(react.forward_ref),
            "attrs": Array [],
            "componentStyle": ComponentStyle {
              "componentId": "sc-bwzfXH",
              "isStatic": true,
              "lastClassName": "c0",
              "rules": Array [
                "
  margin: 8px 0;
",
              ],
            },
            "displayName": "styled.div",
            "foldedComponentIds": Array [],
            "render": [Function],
            "styledComponentId": "sc-bwzfXH",
            "target": "div",
            "toString": [Function],
            "warnTooManyClasses": [Function],
            "withComponent": [Function],
          }
        }
        forwardedRef={null}
      >
        <div
          className="c0"
        >
          <EventCard
            catchMessage="イベントの説明です"
            datetime="2018/12/01 19:30 〜"
            eventUrl="https://connpass.com/"
            expand={false}
            history={null}
            interactive={true}
            place="東京都千代田区丸の内"
            title="タイトル"
          >
            <CustomCard
              expand={false}
              history={null}
              interactive={true}
              url="https://connpass.com/"
            >
              <Styled(Blueprint3.Card)
                elevation={2}
                expand={0}
                onClick={[Function]}
              >
                <StyledComponent
                  elevation={2}
                  expand={0}
                  forwardedComponent={
                    Object {
                      "$$typeof": Symbol(react.forward_ref),
                      "attrs": Array [],
                      "componentStyle": ComponentStyle {
                        "componentId": "sc-bdVaJa",
                        "isStatic": false,
                        "lastClassName": "c1",
                        "rules": Array [
                          "
  min-height: ",
                          [Function],
                          ";
",
                        ],
                      },
                      "displayName": "Styled(Blueprint3.Card)",
                      "foldedComponentIds": Array [],
                      "render": [Function],
                      "styledComponentId": "sc-bdVaJa",
                      "target": [Function],
                      "toString": [Function],
                      "warnTooManyClasses": [Function],
                      "withComponent": [Function],
                      Symbol(Symbol.hasInstance): [Function],
                    }
                  }
                  forwardedRef={null}
                  onClick={[Function]}
                >
                  <Blueprint3.Card
                    className="c1"
                    elevation={2}
                    expand={0}
                    interactive={false}
                    onClick={[Function]}
                  >
                    <div
                      className="bp3-card bp3-elevation-2 c1"
                      expand={0}
                      onClick={[Function]}
                    >
                      <h3
                        className="bp3-heading"
                      >
                        タイトル
                      </h3>
                      <Blueprint3.Text>
                        <div
                          className=""
                        >
                          概要：イベントの説明です
                        </div>
                      </Blueprint3.Text>
                      <Blueprint3.Text>
                        <div
                          className=""
                        >
                          場所：東京都千代田区丸の内
                        </div>
                      </Blueprint3.Text>
                      <Blueprint3.Text>
                        <div
                          className=""
                        >
                          日時：2018/12/01 19:30 〜
                        </div>
                      </Blueprint3.Text>
                    </div>
                  </Blueprint3.Card>
                </StyledComponent>
              </Styled(Blueprint3.Card)>
            </CustomCard>
          </EventCard>
        </div>
      </StyledComponent>
    </styled.div>
    <styled.div
      key="1"
    >
      <StyledComponent
        forwardedComponent={
          Object {
            "$$typeof": Symbol(react.forward_ref),
            "attrs": Array [],
            "componentStyle": ComponentStyle {
              "componentId": "sc-bwzfXH",
              "isStatic": true,
              "lastClassName": "c0",
              "rules": Array [
                "
  margin: 8px 0;
",
              ],
            },
            "displayName": "styled.div",
            "foldedComponentIds": Array [],
            "render": [Function],
            "styledComponentId": "sc-bwzfXH",
            "target": "div",
            "toString": [Function],
            "warnTooManyClasses": [Function],
            "withComponent": [Function],
          }
        }
        forwardedRef={null}
      >
        <div
          className="c0"
        >
          <EventCard
            catchMessage="イベントの説明です"
            datetime="2018/12/01 19:30 〜"
            eventUrl="https://connpass.com/"
            expand={false}
            history={null}
            interactive={true}
            place="東京都千代田区丸の内"
            title="タイトル"
          >
            <CustomCard
              expand={false}
              history={null}
              interactive={true}
              url="https://connpass.com/"
            >
              <Styled(Blueprint3.Card)
                elevation={2}
                expand={0}
                onClick={[Function]}
              >
                <StyledComponent
                  elevation={2}
                  expand={0}
                  forwardedComponent={
                    Object {
                      "$$typeof": Symbol(react.forward_ref),
                      "attrs": Array [],
                      "componentStyle": ComponentStyle {
                        "componentId": "sc-bdVaJa",
                        "isStatic": false,
                        "lastClassName": "c1",
                        "rules": Array [
                          "
  min-height: ",
                          [Function],
                          ";
",
                        ],
                      },
                      "displayName": "Styled(Blueprint3.Card)",
                      "foldedComponentIds": Array [],
                      "render": [Function],
                      "styledComponentId": "sc-bdVaJa",
                      "target": [Function],
                      "toString": [Function],
                      "warnTooManyClasses": [Function],
                      "withComponent": [Function],
                      Symbol(Symbol.hasInstance): [Function],
                    }
                  }
                  forwardedRef={null}
                  onClick={[Function]}
                >
                  <Blueprint3.Card
                    className="c1"
                    elevation={2}
                    expand={0}
                    interactive={false}
                    onClick={[Function]}
                  >
                    <div
                      className="bp3-card bp3-elevation-2 c1"
                      expand={0}
                      onClick={[Function]}
                    >
                      <h3
                        className="bp3-heading"
                      >
                        タイトル
                      </h3>
                      <Blueprint3.Text>
                        <div
                          className=""
                        >
                          概要：イベントの説明です
                        </div>
                      </Blueprint3.Text>
                      <Blueprint3.Text>
                        <div
                          className=""
                        >
                          場所：東京都千代田区丸の内
                        </div>
                      </Blueprint3.Text>
                      <Blueprint3.Text>
                        <div
                          className=""
                        >
                          日時：2018/12/01 19:30 〜
                        </div>
                      </Blueprint3.Text>
                    </div>
                  </Blueprint3.Card>
                </StyledComponent>
              </Styled(Blueprint3.Card)>
            </CustomCard>
          </EventCard>
        </div>
      </StyledComponent>
    </styled.div>
    <styled.div
      key="2"
    >
      <StyledComponent
        forwardedComponent={
          Object {
            "$$typeof": Symbol(react.forward_ref),
            "attrs": Array [],
            "componentStyle": ComponentStyle {
              "componentId": "sc-bwzfXH",
              "isStatic": true,
              "lastClassName": "c0",
              "rules": Array [
                "
  margin: 8px 0;
",
              ],
            },
            "displayName": "styled.div",
            "foldedComponentIds": Array [],
            "render": [Function],
            "styledComponentId": "sc-bwzfXH",
            "target": "div",
            "toString": [Function],
            "warnTooManyClasses": [Function],
            "withComponent": [Function],
          }
        }
        forwardedRef={null}
      >
        <div
          className="c0"
        >
          <EventCard
            catchMessage="イベントの説明です"
            datetime="2018/12/01 19:30 〜"
            eventUrl="https://connpass.com/"
            expand={false}
            history={null}
            interactive={true}
            place="東京都千代田区丸の内"
            title="タイトル"
          >
            <CustomCard
              expand={false}
              history={null}
              interactive={true}
              url="https://connpass.com/"
            >
              <Styled(Blueprint3.Card)
                elevation={2}
                expand={0}
                onClick={[Function]}
              >
                <StyledComponent
                  elevation={2}
                  expand={0}
                  forwardedComponent={
                    Object {
                      "$$typeof": Symbol(react.forward_ref),
                      "attrs": Array [],
                      "componentStyle": ComponentStyle {
                        "componentId": "sc-bdVaJa",
                        "isStatic": false,
                        "lastClassName": "c1",
                        "rules": Array [
                          "
  min-height: ",
                          [Function],
                          ";
",
                        ],
                      },
                      "displayName": "Styled(Blueprint3.Card)",
                      "foldedComponentIds": Array [],
                      "render": [Function],
                      "styledComponentId": "sc-bdVaJa",
                      "target": [Function],
                      "toString": [Function],
                      "warnTooManyClasses": [Function],
                      "withComponent": [Function],
                      Symbol(Symbol.hasInstance): [Function],
                    }
                  }
                  forwardedRef={null}
                  onClick={[Function]}
                >
                  <Blueprint3.Card
                    className="c1"
                    elevation={2}
                    expand={0}
                    interactive={false}
                    onClick={[Function]}
                  >
                    <div
                      className="bp3-card bp3-elevation-2 c1"
                      expand={0}
                      onClick={[Function]}
                    >
                      <h3
                        className="bp3-heading"
                      >
                        タイトル
                      </h3>
                      <Blueprint3.Text>
                        <div
                          className=""
                        >
                          概要：イベントの説明です
                        </div>
                      </Blueprint3.Text>
                      <Blueprint3.Text>
                        <div
                          className=""
                        >
                          場所：東京都千代田区丸の内
                        </div>
                      </Blueprint3.Text>
                      <Blueprint3.Text>
                        <div
                          className=""
                        >
                          日時：2018/12/01 19:30 〜
                        </div>
                      </Blueprint3.Text>
                    </div>
                  </Blueprint3.Card>
                </StyledComponent>
              </Styled(Blueprint3.Card)>
            </CustomCard>
          </EventCard>
        </div>
      </StyledComponent>
    </styled.div>
    <styled.div
      key="3"
    >
      <StyledComponent
        forwardedComponent={
          Object {
            "$$typeof": Symbol(react.forward_ref),
            "attrs": Array [],
            "componentStyle": ComponentStyle {
              "componentId": "sc-bwzfXH",
              "isStatic": true,
              "lastClassName": "c0",
              "rules": Array [
                "
  margin: 8px 0;
",
              ],
            },
            "displayName": "styled.div",
            "foldedComponentIds": Array [],
            "render": [Function],
            "styledComponentId": "sc-bwzfXH",
            "target": "div",
            "toString": [Function],
            "warnTooManyClasses": [Function],
            "withComponent": [Function],
          }
        }
        forwardedRef={null}
      >
        <div
          className="c0"
        >
          <EventCard
            catchMessage="イベントの説明です"
            datetime="2018/12/01 19:30 〜"
            eventUrl="https://connpass.com/"
            expand={false}
            history={null}
            interactive={true}
            place="東京都千代田区丸の内"
            title="タイトル"
          >
            <CustomCard
              expand={false}
              history={null}
              interactive={true}
              url="https://connpass.com/"
            >
              <Styled(Blueprint3.Card)
                elevation={2}
                expand={0}
                onClick={[Function]}
              >
                <StyledComponent
                  elevation={2}
                  expand={0}
                  forwardedComponent={
                    Object {
                      "$$typeof": Symbol(react.forward_ref),
                      "attrs": Array [],
                      "componentStyle": ComponentStyle {
                        "componentId": "sc-bdVaJa",
                        "isStatic": false,
                        "lastClassName": "c1",
                        "rules": Array [
                          "
  min-height: ",
                          [Function],
                          ";
",
                        ],
                      },
                      "displayName": "Styled(Blueprint3.Card)",
                      "foldedComponentIds": Array [],
                      "render": [Function],
                      "styledComponentId": "sc-bdVaJa",
                      "target": [Function],
                      "toString": [Function],
                      "warnTooManyClasses": [Function],
                      "withComponent": [Function],
                      Symbol(Symbol.hasInstance): [Function],
                    }
                  }
                  forwardedRef={null}
                  onClick={[Function]}
                >
                  <Blueprint3.Card
                    className="c1"
                    elevation={2}
                    expand={0}
                    interactive={false}
                    onClick={[Function]}
                  >
                    <div
                      className="bp3-card bp3-elevation-2 c1"
                      expand={0}
                      onClick={[Function]}
                    >
                      <h3
                        className="bp3-heading"
                      >
                        タイトル
                      </h3>
                      <Blueprint3.Text>
                        <div
                          className=""
                        >
                          概要：イベントの説明です
                        </div>
                      </Blueprint3.Text>
                      <Blueprint3.Text>
                        <div
                          className=""
                        >
                          場所：東京都千代田区丸の内
                        </div>
                      </Blueprint3.Text>
                      <Blueprint3.Text>
                        <div
                          className=""
                        >
                          日時：2018/12/01 19:30 〜
                        </div>
                      </Blueprint3.Text>
                    </div>
                  </Blueprint3.Card>
                </StyledComponent>
              </Styled(Blueprint3.Card)>
            </CustomCard>
          </EventCard>
        </div>
      </StyledComponent>
    </styled.div>
    <styled.div
      key="4"
    >
      <StyledComponent
        forwardedComponent={
          Object {
            "$$typeof": Symbol(react.forward_ref),
            "attrs": Array [],
            "componentStyle": ComponentStyle {
              "componentId": "sc-bwzfXH",
              "isStatic": true,
              "lastClassName": "c0",
              "rules": Array [
                "
  margin: 8px 0;
",
              ],
            },
            "displayName": "styled.div",
            "foldedComponentIds": Array [],
            "render": [Function],
            "styledComponentId": "sc-bwzfXH",
            "target": "div",
            "toString": [Function],
            "warnTooManyClasses": [Function],
            "withComponent": [Function],
          }
        }
        forwardedRef={null}
      >
        <div
          className="c0"
        >
          <EventCard
            catchMessage="イベントの説明です"
            datetime="2018/12/01 19:30 〜"
            eventUrl="https://connpass.com/"
            expand={false}
            history={null}
            interactive={true}
            place="東京都千代田区丸の内"
            title="タイトル"
          >
            <CustomCard
              expand={false}
              history={null}
              interactive={true}
              url="https://connpass.com/"
            >
              <Styled(Blueprint3.Card)
                elevation={2}
                expand={0}
                onClick={[Function]}
              >
                <StyledComponent
                  elevation={2}
                  expand={0}
                  forwardedComponent={
                    Object {
                      "$$typeof": Symbol(react.forward_ref),
                      "attrs": Array [],
                      "componentStyle": ComponentStyle {
                        "componentId": "sc-bdVaJa",
                        "isStatic": false,
                        "lastClassName": "c1",
                        "rules": Array [
                          "
  min-height: ",
                          [Function],
                          ";
",
                        ],
                      },
                      "displayName": "Styled(Blueprint3.Card)",
                      "foldedComponentIds": Array [],
                      "render": [Function],
                      "styledComponentId": "sc-bdVaJa",
                      "target": [Function],
                      "toString": [Function],
                      "warnTooManyClasses": [Function],
                      "withComponent": [Function],
                      Symbol(Symbol.hasInstance): [Function],
                    }
                  }
                  forwardedRef={null}
                  onClick={[Function]}
                >
                  <Blueprint3.Card
                    className="c1"
                    elevation={2}
                    expand={0}
                    interactive={false}
                    onClick={[Function]}
                  >
                    <div
                      className="bp3-card bp3-elevation-2 c1"
                      expand={0}
                      onClick={[Function]}
                    >
                      <h3
                        className="bp3-heading"
                      >
                        タイトル
                      </h3>
                      <Blueprint3.Text>
                        <div
                          className=""
                        >
                          概要：イベントの説明です
                        </div>
                      </Blueprint3.Text>
                      <Blueprint3.Text>
                        <div
                          className=""
                        >
                          場所：東京都千代田区丸の内
                        </div>
                      </Blueprint3.Text>
                      <Blueprint3.Text>
                        <div
                          className=""
                        >
                          日時：2018/12/01 19:30 〜
                        </div>
                      </Blueprint3.Text>
                    </div>
                  </Blueprint3.Card>
                </StyledComponent>
              </Styled(Blueprint3.Card)>
            </CustomCard>
          </EventCard>
        </div>
      </StyledComponent>
    </styled.div>
  </EventCardList>
</MockRouter>
`;
